     VMA      LMA     Size Align Out     In      Symbol
       0        0        0     1 PROVIDE(__stack = 0xA000)
       0        0        0     1 PROVIDE(__f256_start = 0x300)
       0        0        0     1 PROVIDE(__BLOCK_SIZE = 0x2000)
       0        0        0     1 PROVIDE(__SLOT_ADDR = 0xA000)
       0        0        0     1 __rc0 = 0x10
       0        0        0     1 __rc1 = __rc0 + 1
       0        0        0     1 PROVIDE(__rc2 = __rc1 + 1)
       0        0        0     1 __rc3 = __rc2 + 1
       0        0        0     1 PROVIDE(__rc4 = __rc3 + 1)
       0        0        0     1 __rc5 = __rc4 + 1
       0        0        0     1 PROVIDE(__rc6 = __rc5 + 1)
       0        0        0     1 __rc7 = __rc6 + 1
       0        0        0     1 PROVIDE(__rc8 = __rc7 + 1)
       0        0        0     1 __rc9 = __rc8 + 1
       0        0        0     1 PROVIDE(__rc10 = __rc9 + 1)
       0        0        0     1 __rc11 = __rc10 + 1
       0        0        0     1 PROVIDE(__rc12 = __rc11 + 1)
       0        0        0     1 __rc13 = __rc12 + 1
       0        0        0     1 PROVIDE(__rc14 = __rc13 + 1)
       0        0        0     1 __rc15 = __rc14 + 1
       0        0        0     1 PROVIDE(__rc16 = __rc15 + 1)
       0        0        0     1 __rc17 = __rc16 + 1
       0        0        0     1 PROVIDE(__rc18 = __rc17 + 1)
       0        0        0     1 __rc19 = __rc18 + 1
       0        0        0     1 PROVIDE(__rc20 = __rc19 + 1)
       0        0        0     1 __rc21 = __rc20 + 1
       0        0        0     1 PROVIDE(__rc22 = __rc21 + 1)
       0        0        0     1 __rc23 = __rc22 + 1
       0        0        0     1 PROVIDE(__rc24 = __rc23 + 1)
       0        0        0     1 __rc25 = __rc24 + 1
       0        0        0     1 PROVIDE(__rc26 = __rc25 + 1)
       0        0        0     1 __rc27 = __rc26 + 1
       0        0        0     1 PROVIDE(__rc28 = __rc27 + 1)
       0        0        0     1 __rc29 = __rc28 + 1
       0        0        0     1 PROVIDE(__rc30 = __rc29 + 1)
       0        0        0     1 __rc31 = __rc30 + 1
       0        0        0     1 
       0        0        0     1 
       0        0        0     1 __block8_lma = ( 8<<24)|__SLOT_ADDR
       0        0        0     1 __block9_lma = ( 9<<24)|__SLOT_ADDR
       0        0        0     1 __block10_lma = (10<<24)|__SLOT_ADDR
       0        0        0     1 __block11_lma = (11<<24)|__SLOT_ADDR
       0        0        0     1 __block12_lma = (12<<24)|__SLOT_ADDR
       0        0        0     1 __block13_lma = (13<<24)|__SLOT_ADDR
       0        0        0     1 __block14_lma = (14<<24)|__SLOT_ADDR
       0        0        0     1 __block15_lma = (15<<24)|__SLOT_ADDR
       0        0        0     1 __block16_lma = (16<<24)|__SLOT_ADDR
       0        0        0     1 __block17_lma = (17<<24)|__SLOT_ADDR
       0        0        0     1 __block18_lma = (18<<24)|__SLOT_ADDR
       0        0        0     1 __block19_lma = (19<<24)|__SLOT_ADDR
       0        0        0     1 __block20_lma = (20<<24)|__SLOT_ADDR
       0        0        0     1 __block21_lma = (21<<24)|__SLOT_ADDR
       0        0        0     1 __block22_lma = (22<<24)|__SLOT_ADDR
       0        0        0     1 __block23_lma = (23<<24)|__SLOT_ADDR
      30      300        1     1 .zp.data
      30      300        0     1         __zp_data_start = .
      30      300        1     1         textColors.lto.o:(.zp.data)
      30      300        1     1                 _ccolor
      31      301        0     1 __zp_data_load_start = LOADADDR(.zp.data)
      31      301        0     1 __zp_data_size = SIZEOF(.zp.data)
      31       31        b     1 .zp.bss
      31       31        0     1         __zp_bss_start = .
      31       31        b     1         textColors.lto.o:(.zp.bss)
      31       31        7     1                 kernelEventData
      38       38        1     1                 _col
      39       39        1     1                 _row
      3a       3a        2     1                 __putchar.s
      3c       3c        0     1 __zp_bss_size = SIZEOF(.zp.bss)
      3c       3c       60     1 .zp
      3c       3c       60     1         textColors.lto.o:(.zp.noinit)
     301      301     1a9e     1 .text
     301      301        0     1         _init = .
     301      301        0     1         _start = .
     301      301        8     1         D:\F256\llvm-mos\f256dev\llvm-mos\bin/../mos-platform/f256/lib\libcrt0.a(init-stack.S.obj):(.init.100)
     301      301        0     1                 __do_init_stack
     309      309        3     1         D:\F256\llvm-mos\f256dev\llvm-mos\bin/../mos-platform/f256/lib\libcrt0.a(zero-bss.c.obj):(.init.200)
     309      309        0     1                 __do_zero_bss
     30c      30c        3     1         D:\F256\llvm-mos\f256dev\llvm-mos\bin/../mos-platform/f256/lib\libcrt0.a(zero-zp-bss.c.obj):(.init.200)
     30c      30c        0     1                 __do_zero_zp_bss
     30f      30f        3     1         D:\F256\llvm-mos\f256dev\llvm-mos\bin/../mos-platform/f256/lib\libcrt0.a(copy-zp-data.c.obj):(.init.200)
     30f      30f        0     1                 __do_copy_zp_data
     312      312        3     1         D:\F256\llvm-mos\f256dev\llvm-mos\bin/../mos-platform/common/lib\crt0.o:(.call_main)
     315      315        3     1         D:\F256\llvm-mos\f256dev\llvm-mos\bin/../mos-platform/f256/lib\libcrt0.a(exit-custom.S.obj):(.after_main)
     315      315        0     1                 __after_main
     318      318        0     1         _fini = .
     318      318        1     1         D:\F256\llvm-mos\f256dev\llvm-mos\bin/../mos-platform/common/lib\crt0.o:(.fini_rts)
     319      319       13     1         D:\F256\llvm-mos\f256dev\llvm-mos\bin/../mos-platform/f256/lib\libcrt0.a(zero-bss.c.obj):(.text.__zero_bss)
     319      319       13     1                 __zero_bss
     32c      32c       13     1         D:\F256\llvm-mos\f256dev\llvm-mos\bin/../mos-platform/f256/lib\libcrt0.a(zero-zp-bss.c.obj):(.text.__zero_zp_bss)
     32c      32c       13     1                 __zero_zp_bss
     33f      33f       17     1         D:\F256\llvm-mos\f256dev\llvm-mos\bin/../mos-platform/f256/lib\libcrt0.a(copy-zp-data.c.obj):(.text.__copy_zp_data)
     33f      33f       17     1                 __copy_zp_data
     356      356       a1     1         textColors.lto.o:(.text.textClear)
     356      356       a1     1                 textClear
     3f7      3f7      74b     1         textColors.lto.o:(.text.main)
     3f7      3f7      74b     1                 main
     b42      b42       de     1         textColors.lto.o:(.text.oldText)
     b42      b42       de     1                 oldText
     c20      c20      1ce     1         textColors.lto.o:(.text.textPrint)
     c20      c20      1ce     1                 textPrint
     dee      dee        5     1         textColors.lto.o:(.text.exit)
     dee      dee        5     1                 exit
     df3      df3       df     1         textColors.lto.o:(.text._ZN12_GLOBAL__N_13putEcP6Status)
     df3      df3       df     1                 (anonymous namespace)::put(char, Status*)
     ed2      ed2      10f     1         textColors.lto.o:(.text._ZN12_GLOBAL__N_112print_stringEPKcP6Status)
     ed2      ed2      10f     1                 (anonymous namespace)::print_string(char const*, Status*)
     fe1      fe1      d72     1         textColors.lto.o:(.text.printf)
     fe1      fe1      d72     1                 printf
    1d53     1d53       2c     1         textColors.lto.o:(.text.memcpy)
    1d53     1d53       2c     1                 memcpy
    1d7f     1d7f       20     1         textColors.lto.o:(.text.__memset)
    1d7f     1d7f       20     1                 __memset
    1d9f     1d9f        0     1         __init_array_start = .
    1d9f     1d9f        0     1         __init_array_end = .
    1d9f     1d9f        0     1         __fini_array_start = .
    1d9f     1d9f        0     1         __fini_array_end = .
    1d9f     1d9f       c7     1 .rodata
    1d9f     1d9f        1     1         D:\F256\llvm-mos\f256dev\llvm-mos\bin/../mos-platform/common/lib\libcrt.a(const.S.obj):(.rodata)
    1d9f     1d9f        0     1                 __set_v
    1da0     1da0       3a     1         textColors.lto.o:(.rodata.printf)
    1dda     1dda       30     1         textColors.lto.o:(.rodata.textColors)
    1dda     1dda       30     1                 textColors
    1e0a     1e0a       5c     1         <internal>:(.rodata.str1.1)
    1e66     1e66        0     1 .data
    1e66     1e66        0     1         __data_start = .
    1e66     1e66        0     1         __data_end = .
    1e66     1e66        0     1 __data_load_start = LOADADDR(.data)
    1e66     1e66        0     1 __data_size = SIZEOF(.data)
    1e66     1e66        1     1 .bss
    1e66     1e66        0     1         __bss_start = .
    1e66     1e66        1     1         textColors.lto.o:(.bss.kernelError)
    1e66     1e66        1     1                 kernelError
    1e67     1e67        0     1         __bss_end = .
    1e67     1e67        0     1 __bss_size = SIZEOF(.bss)
    1e67     1e67        0     1 .noinit
    1e67     1e67        0     1         __heap_start = ALIGN(., 2)
    1e67     1e67        0     1 end_block8 = .
    1e67     1e67        0     1 end_block9 = .
    1e67     1e67        0     1 end_block10 = .
    1e67     1e67        0     1 end_block11 = .
    1e67     1e67        0     1 end_block12 = .
    1e67     1e67        0     1 end_block13 = .
    1e67     1e67        0     1 end_block14 = .
    1e67     1e67        0     1 end_block15 = .
    1e67     1e67        0     1 end_block16 = .
    1e67     1e67        0     1 end_block17 = .
    1e67     1e67        0     1 end_block18 = .
    1e67     1e67        0     1 end_block19 = .
    1e67     1e67        0     1 end_block20 = .
    1e67     1e67        0     1 end_block21 = .
    1e67     1e67        0     1 end_block22 = .
    1e67     1e67        0     1 end_block23 = .
       0        0      138     1 .comment
       0        0      138     1         <internal>:(.comment)
       0        0      780     4 .symtab
       0        0      780     4         <internal>:(.symtab)
       0        0       5a     1 .shstrtab
       0        0       5a     1         <internal>:(.shstrtab)
       0        0      544     1 .strtab
       0        0      544     1         <internal>:(.strtab)
