     VMA      LMA     Size Align Out     In      Symbol
       0        0        0     1 PROVIDE(__stack = 0xA000)
       0        0        0     1 PROVIDE(__f256_start = 0x300)
       0        0        0     1 PROVIDE(__BLOCK_SIZE = 0x2000)
       0        0        0     1 PROVIDE(__SLOT_ADDR = 0xA000)
       0        0        0     1 __rc0 = 0x10
       0        0        0     1 __rc1 = __rc0 + 1
       0        0        0     1 PROVIDE(__rc2 = __rc1 + 1)
       0        0        0     1 __rc3 = __rc2 + 1
       0        0        0     1 PROVIDE(__rc4 = __rc3 + 1)
       0        0        0     1 __rc5 = __rc4 + 1
       0        0        0     1 PROVIDE(__rc6 = __rc5 + 1)
       0        0        0     1 __rc7 = __rc6 + 1
       0        0        0     1 PROVIDE(__rc8 = __rc7 + 1)
       0        0        0     1 __rc9 = __rc8 + 1
       0        0        0     1 PROVIDE(__rc10 = __rc9 + 1)
       0        0        0     1 __rc11 = __rc10 + 1
       0        0        0     1 PROVIDE(__rc12 = __rc11 + 1)
       0        0        0     1 __rc13 = __rc12 + 1
       0        0        0     1 PROVIDE(__rc14 = __rc13 + 1)
       0        0        0     1 __rc15 = __rc14 + 1
       0        0        0     1 PROVIDE(__rc16 = __rc15 + 1)
       0        0        0     1 __rc17 = __rc16 + 1
       0        0        0     1 PROVIDE(__rc18 = __rc17 + 1)
       0        0        0     1 __rc19 = __rc18 + 1
       0        0        0     1 PROVIDE(__rc20 = __rc19 + 1)
       0        0        0     1 __rc21 = __rc20 + 1
       0        0        0     1 PROVIDE(__rc22 = __rc21 + 1)
       0        0        0     1 __rc23 = __rc22 + 1
       0        0        0     1 PROVIDE(__rc24 = __rc23 + 1)
       0        0        0     1 __rc25 = __rc24 + 1
       0        0        0     1 PROVIDE(__rc26 = __rc25 + 1)
       0        0        0     1 __rc27 = __rc26 + 1
       0        0        0     1 PROVIDE(__rc28 = __rc27 + 1)
       0        0        0     1 __rc29 = __rc28 + 1
       0        0        0     1 PROVIDE(__rc30 = __rc29 + 1)
       0        0        0     1 __rc31 = __rc30 + 1
       0        0        0     1 
       0        0        0     1 
       0        0        0     1 __block8_lma = ( 8<<24)|__SLOT_ADDR
       0        0        0     1 __block9_lma = ( 9<<24)|__SLOT_ADDR
       0        0        0     1 __block10_lma = (10<<24)|__SLOT_ADDR
       0        0        0     1 __block11_lma = (11<<24)|__SLOT_ADDR
       0        0        0     1 __block12_lma = (12<<24)|__SLOT_ADDR
       0        0        0     1 __block13_lma = (13<<24)|__SLOT_ADDR
       0        0        0     1 __block14_lma = (14<<24)|__SLOT_ADDR
       0        0        0     1 __block15_lma = (15<<24)|__SLOT_ADDR
       0        0        0     1 __block16_lma = (16<<24)|__SLOT_ADDR
       0        0        0     1 __block17_lma = (17<<24)|__SLOT_ADDR
       0        0        0     1 __block18_lma = (18<<24)|__SLOT_ADDR
       0        0        0     1 __block19_lma = (19<<24)|__SLOT_ADDR
       0        0        0     1 __block20_lma = (20<<24)|__SLOT_ADDR
       0        0        0     1 __block21_lma = (21<<24)|__SLOT_ADDR
       0        0        0     1 __block22_lma = (22<<24)|__SLOT_ADDR
       0        0        0     1 __block23_lma = (23<<24)|__SLOT_ADDR
       0        0        0     1 __pal_lma = 0x10000
       0        0        0     1 __pal_size = 0x94
       0        0        0     1 __level1_lma = 0x10400
       0        0        0     1 __level1_size = 0x12c00
       0        0        0     1 __gpal_lma = 0x23000
       0        0        0     1 __gpal_size = 0x400
       0        0        0     1 __level2_lma = 0x24000
       0        0        0     1 __level2_size = 0x12c00
       0        0        0     1 __thing_lma = 0x36c00
       0        0        0     1 __thing_size = 0x400
       0        0        0     1 __level3_lma = 0x38000
       0        0        0     1 __level3_size = 0x12c00
       0        0        0     1 __bird_lma = 0x4ac00
       0        0        0     1 __bird_size = 0x400
       0        0        0     1 __sunset_lma = 0x4b000
       0        0        0     1 __sunset_size = 0x94
       0        0        0     1 __tile3_lma = 0x4b400
       0        0        0     1 __tile3_size = 0xb00
      30      300       59     1 .zp.data
      30      300        0     1         __zp_data_start = .
      30      300       59     1         gfxDemo.lto.o:(.zp.data)
      30      300       50     1                 textFancy
      80      350        1     1                 b0
      81      351        1     1                 b1
      82      352        1     1                 b2
      83      353        3     1                 sprFrame
      86      356        3     1                 sprBirdFrame
      89      359        0     1 __zp_data_load_start = LOADADDR(.zp.data)
      89      359        0     1 __zp_data_size = SIZEOF(.zp.data)
      89       89       1d     1 .zp.bss
      89       89        0     1         __zp_bss_start = .
      89       89       1d     1         gfxDemo.lto.o:(.zp.bss)
      89       89        1     1                 _ccolor
      8a       8a        1     1                 _col
      8b       8b        1     1                 _row
      8c       8c        1     1                 _BITMAP_CLUT.0
      8d       8d        1     1                 _BITMAP_CLUT.1
      8e       8e        1     1                 _BITMAP_CLUT.2
      8f       8f        1     1                 _tileSize.2
      90       90        1     1                 t2
      91       91        2     1                 tm2_xf
      93       93        1     1                 tm2_x
      94       94        1     1                 mEn
      95       95        1     1                 isSunset
      96       96        3     1                 sprAnim
      99       99        3     1                 sprBirdAnim
      9c       9c        3     1                 tileAnim
      9f       9f        7     1                 kernelEventData
      a6       a6        0     1 __zp_bss_size = SIZEOF(.zp.bss)
      a6       a6        9     1 .zp
      a6       a6        9     1         gfxDemo.lto.o:(.zp.noinit)
     359      359     188d     1 .text
     359      359        0     1         _init = .
     359      359        0     1         _start = .
     359      359        8     1         D:\F256\llvm-mos\f256dev\llvm-mos\bin/../mos-platform/f256/lib\libcrt0.a(init-stack.S.obj):(.init.100)
     359      359        0     1                 __do_init_stack
     361      361        3     1         D:\F256\llvm-mos\f256dev\llvm-mos\bin/../mos-platform/f256/lib\libcrt0.a(zero-bss.c.obj):(.init.200)
     361      361        0     1                 __do_zero_bss
     364      364        3     1         D:\F256\llvm-mos\f256dev\llvm-mos\bin/../mos-platform/f256/lib\libcrt0.a(zero-zp-bss.c.obj):(.init.200)
     364      364        0     1                 __do_zero_zp_bss
     367      367        3     1         D:\F256\llvm-mos\f256dev\llvm-mos\bin/../mos-platform/f256/lib\libcrt0.a(copy-zp-data.c.obj):(.init.200)
     367      367        0     1                 __do_copy_zp_data
     36a      36a        3     1         D:\F256\llvm-mos\f256dev\llvm-mos\bin/../mos-platform/common/lib\crt0.o:(.call_main)
     36d      36d        3     1         D:\F256\llvm-mos\f256dev\llvm-mos\bin/../mos-platform/f256/lib\libcrt0.a(exit-custom.S.obj):(.after_main)
     36d      36d        0     1                 __after_main
     370      370        0     1         _fini = .
     370      370        1     1         D:\F256\llvm-mos\f256dev\llvm-mos\bin/../mos-platform/common/lib\crt0.o:(.fini_rts)
     371      371       13     1         D:\F256\llvm-mos\f256dev\llvm-mos\bin/../mos-platform/f256/lib\libcrt0.a(zero-bss.c.obj):(.text.__zero_bss)
     371      371       13     1                 __zero_bss
     384      384       13     1         D:\F256\llvm-mos\f256dev\llvm-mos\bin/../mos-platform/f256/lib\libcrt0.a(zero-zp-bss.c.obj):(.text.__zero_zp_bss)
     384      384       13     1                 __zero_zp_bss
     397      397       17     1         D:\F256\llvm-mos\f256dev\llvm-mos\bin/../mos-platform/f256/lib\libcrt0.a(copy-zp-data.c.obj):(.text.__copy_zp_data)
     397      397       17     1                 __copy_zp_data
     3ae      3ae      40c     1         gfxDemo.lto.o:(.text.f256Init)
     3ae      3ae      40c     1                 f256Init
     7ba      7ba        6     1         gfxDemo.lto.o:(.text.main)
     7ba      7ba        6     1                 main
     7c0      7c0     11cd     1         gfxDemo.lto.o:(.text.f256main)
     7c0      7c0     11cd     1                 f256main
    198d     198d      1d6     1         gfxDemo.lto.o:(.text.textPrint)
    198d     198d      1d6     1                 textPrint
    1b63     1b63        5     1         gfxDemo.lto.o:(.text.exit)
    1b63     1b63        5     1                 exit
    1b68     1b68       2c     1         gfxDemo.lto.o:(.text.memcpy)
    1b68     1b68       2c     1                 memcpy
    1b94     1b94       20     1         gfxDemo.lto.o:(.text.__memset)
    1b94     1b94       20     1                 __memset
    1bb4     1bb4       32     1         gfxDemo.lto.o:(.text.__mulhi3)
    1bb4     1bb4       32     1                 __mulhi3
    1be6     1be6        0     1         __init_array_start = .
    1be6     1be6        0     1         __init_array_end = .
    1be6     1be6        0     1         __fini_array_start = .
    1be6     1be6        0     1         __fini_array_end = .
    1be6     1be6      1cf     1 .rodata
    1be6     1be6        1     1         D:\F256\llvm-mos\f256dev\llvm-mos\bin/../mos-platform/common/lib\libcrt.a(const.S.obj):(.rodata)
    1be6     1be6        0     1                 __set_v
    1be7     1be7       18     1         gfxDemo.lto.o:(.rodata.f256main)
    1bff     1bff       30     1         gfxDemo.lto.o:(.rodata.textColors)
    1bff     1bff       30     1                 textColors
    1c2f     1c2f      186     1         <internal>:(.rodata.str1.1)
    1db5     1db5        0     1 .data
    1db5     1db5        0     1         __data_start = .
    1db5     1db5        0     1         __data_end = .
    1db5     1db5        0     1 __data_load_start = LOADADDR(.data)
    1db5     1db5        0     1 __data_size = SIZEOF(.data)
    1db5     1db5       4d     1 .bss
    1db5     1db5        0     1         __bss_start = .
    1db5     1db5        4     1         gfxDemo.lto.o:(.bss._BITMAP_BASE.0)
    1db5     1db5        4     1                 _BITMAP_BASE.0
    1db9     1db9        4     1         gfxDemo.lto.o:(.bss._BITMAP_BASE.1)
    1db9     1db9        4     1                 _BITMAP_BASE.1
    1dbd     1dbd        4     1         gfxDemo.lto.o:(.bss._BITMAP_BASE.2)
    1dbd     1dbd        4     1                 _BITMAP_BASE.2
    1dc1     1dc1       40     1         gfxDemo.lto.o:(.bss._spriteCtl)
    1dc1     1dc1       40     1                 _spriteCtl
    1e01     1e01        1     1         gfxDemo.lto.o:(.bss.kernelError)
    1e01     1e01        1     1                 kernelError
    1e02     1e02        0     1         __bss_end = .
    1e02     1e02        0     1 __bss_size = SIZEOF(.bss)
    1e02     1e02        0     1 .noinit
    1e02     1e02        0     1         __heap_start = ALIGN(., 2)
    1e02     1e02        0     1 end_block8 = .
    1e02     1e02        0     1 end_block9 = .
    1e02     1e02        0     1 end_block10 = .
    1e02     1e02        0     1 end_block11 = .
    1e02     1e02        0     1 end_block12 = .
    1e02     1e02        0     1 end_block13 = .
    1e02     1e02        0     1 end_block14 = .
    1e02     1e02        0     1 end_block15 = .
    1e02     1e02        0     1 end_block16 = .
    1e02     1e02        0     1 end_block17 = .
    1e02     1e02        0     1 end_block18 = .
    1e02     1e02        0     1 end_block19 = .
    1e02     1e02        0     1 end_block20 = .
    1e02     1e02        0     1 end_block21 = .
    1e02     1e02        0     1 end_block22 = .
    1e02     1e02        0     1 end_block23 = .
   10000    10000       94    16 .pal
   10000    10000       94    16         gfxDemo.lto.o:(.pal)
   10000    10000        0     1                 pal_start
   10094    10094        0     1                 pal_end
   10094    10094        0     1 end_pal = .
   10400    10400    12c00    16 .level1
   10400    10400    12c00    16         gfxDemo.lto.o:(.level1)
   10400    10400        0     1                 level1_start
   23000    23000        0     1                 level1_end
   23000    23000        0     1 end_level1 = .
   23000    23000      400    16 .gpal
   23000    23000      400    16         gfxDemo.lto.o:(.gpal)
   23000    23000        0     1                 gpal_start
   23400    23400        0     1                 gpal_end
   23400    23400        0     1 end_gpal = .
   24000    24000    12c00    16 .level2
   24000    24000    12c00    16         gfxDemo.lto.o:(.level2)
   24000    24000        0     1                 level2_start
   36c00    36c00        0     1                 level2_end
   36c00    36c00        0     1 end_level2 = .
   36c00    36c00      400    16 .thing
   36c00    36c00      400    16         gfxDemo.lto.o:(.thing)
   36c00    36c00        0     1                 thing_start
   37000    37000        0     1                 thing_end
   37000    37000        0     1 end_thing = .
   38000    38000    12c00    16 .level3
   38000    38000    12c00    16         gfxDemo.lto.o:(.level3)
   38000    38000        0     1                 level3_start
   4ac00    4ac00        0     1                 level3_end
   4ac00    4ac00        0     1 end_level3 = .
   4ac00    4ac00      400    16 .bird
   4ac00    4ac00      400    16         gfxDemo.lto.o:(.bird)
   4ac00    4ac00        0     1                 bird_start
   4b000    4b000        0     1                 bird_end
   4b000    4b000        0     1 end_bird = .
   4b000    4b000       94    16 .sunset
   4b000    4b000       94    16         gfxDemo.lto.o:(.sunset)
   4b000    4b000        0     1                 sunset_start
   4b094    4b094        0     1                 sunset_end
   4b094    4b094        0     1 end_sunset = .
   4b400    4b400      b00    16 .tile3
   4b400    4b400      b00    16         gfxDemo.lto.o:(.tile3)
   4b400    4b400        0     1                 tile3_start
   4bf00    4bf00        0     1                 tile3_end
   4bf00    4bf00        0     1 end_tile3 = .
       0        0      138     1 .comment
       0        0      138     1         <internal>:(.comment)
       0        0      b80     4 .symtab
       0        0      b80     4         <internal>:(.symtab)
       0        0       99     1 .shstrtab
       0        0       99     1         <internal>:(.shstrtab)
       0        0      7c3     1 .strtab
       0        0      7c3     1         <internal>:(.strtab)
