     VMA      LMA     Size Align Out     In      Symbol
       0        0        0     1 PROVIDE(__stack = 0xA000)
       0        0        0     1 PROVIDE(__f256_start = 0x300)
       0        0        0     1 PROVIDE(__BLOCK_SIZE = 0x2000)
       0        0        0     1 PROVIDE(__SLOT_ADDR = 0xA000)
       0        0        0     1 __rc0 = 0x10
       0        0        0     1 __rc1 = __rc0 + 1
       0        0        0     1 PROVIDE(__rc2 = __rc1 + 1)
       0        0        0     1 __rc3 = __rc2 + 1
       0        0        0     1 PROVIDE(__rc4 = __rc3 + 1)
       0        0        0     1 __rc5 = __rc4 + 1
       0        0        0     1 PROVIDE(__rc6 = __rc5 + 1)
       0        0        0     1 __rc7 = __rc6 + 1
       0        0        0     1 PROVIDE(__rc8 = __rc7 + 1)
       0        0        0     1 __rc9 = __rc8 + 1
       0        0        0     1 PROVIDE(__rc10 = __rc9 + 1)
       0        0        0     1 __rc11 = __rc10 + 1
       0        0        0     1 PROVIDE(__rc12 = __rc11 + 1)
       0        0        0     1 __rc13 = __rc12 + 1
       0        0        0     1 PROVIDE(__rc14 = __rc13 + 1)
       0        0        0     1 __rc15 = __rc14 + 1
       0        0        0     1 PROVIDE(__rc16 = __rc15 + 1)
       0        0        0     1 __rc17 = __rc16 + 1
       0        0        0     1 PROVIDE(__rc18 = __rc17 + 1)
       0        0        0     1 __rc19 = __rc18 + 1
       0        0        0     1 PROVIDE(__rc20 = __rc19 + 1)
       0        0        0     1 __rc21 = __rc20 + 1
       0        0        0     1 PROVIDE(__rc22 = __rc21 + 1)
       0        0        0     1 __rc23 = __rc22 + 1
       0        0        0     1 PROVIDE(__rc24 = __rc23 + 1)
       0        0        0     1 __rc25 = __rc24 + 1
       0        0        0     1 PROVIDE(__rc26 = __rc25 + 1)
       0        0        0     1 __rc27 = __rc26 + 1
       0        0        0     1 PROVIDE(__rc28 = __rc27 + 1)
       0        0        0     1 __rc29 = __rc28 + 1
       0        0        0     1 PROVIDE(__rc30 = __rc29 + 1)
       0        0        0     1 __rc31 = __rc30 + 1
       0        0        0     1 
       0        0        0     1 
       0        0        0     1 __block8_lma = ( 8<<24)|__SLOT_ADDR
       0        0        0     1 __block9_lma = ( 9<<24)|__SLOT_ADDR
       0        0        0     1 __block10_lma = (10<<24)|__SLOT_ADDR
       0        0        0     1 __block11_lma = (11<<24)|__SLOT_ADDR
       0        0        0     1 __block12_lma = (12<<24)|__SLOT_ADDR
       0        0        0     1 __block13_lma = (13<<24)|__SLOT_ADDR
       0        0        0     1 __block14_lma = (14<<24)|__SLOT_ADDR
       0        0        0     1 __block15_lma = (15<<24)|__SLOT_ADDR
       0        0        0     1 __block16_lma = (16<<24)|__SLOT_ADDR
       0        0        0     1 __block17_lma = (17<<24)|__SLOT_ADDR
       0        0        0     1 __block18_lma = (18<<24)|__SLOT_ADDR
       0        0        0     1 __block19_lma = (19<<24)|__SLOT_ADDR
       0        0        0     1 __block20_lma = (20<<24)|__SLOT_ADDR
       0        0        0     1 __block21_lma = (21<<24)|__SLOT_ADDR
       0        0        0     1 __block22_lma = (22<<24)|__SLOT_ADDR
       0        0        0     1 __block23_lma = (23<<24)|__SLOT_ADDR
       0        0        0     1 __canyon_lma = 0x50000
       0        0        0     1 __canyon_size = 0x561a
      30      300       a8     1 .zp.data
      30      300        0     1         __zp_data_start = .
      30      300       a8     1         skull.lto.o:(.zp.data)
      30      300       60     1                 skull_vertices
      90      360       48     1                 skull_indices
      d8      3a8        0     1 __zp_data_load_start = LOADADDR(.zp.data)
      d8      3a8        0     1 __zp_data_size = SIZEOF(.zp.data)
      d8       d8        f     1 .zp.bss
      d8       d8        0     1         __zp_bss_start = .
      d8       d8        f     1         skull.lto.o:(.zp.bss)
      d8       d8        2     1                 theOne.0
      da       da        2     1                 theOne.7
      dc       dc        2     1                 theOne.8
      de       de        1     1                 _col
      df       df        1     1                 _row
      e0       e0        1     1                 _active
      e1       e1        1     1                 _color
      e2       e2        1     1                 (anonymous namespace)::initialized
      e3       e3        2     1                 (anonymous namespace)::free_size
      e5       e5        2     1                 (anonymous namespace)::free_list
      e7       e7        0     1 __zp_bss_size = SIZEOF(.zp.bss)
      e7       e7        9     1 .zp
      e7       e7        9     1         skull.lto.o:(.zp.noinit)
     3a8      3a8     2cca     2 .text
     3a8      3a8        0     1         _init = .
     3a8      3a8        0     1         _start = .
     3a8      3a8        8     1         D:\F256\llvm-mos\f256dev\llvm-mos\bin/../mos-platform/f256/lib\libcrt0.a(init-stack.S.obj):(.init.100)
     3a8      3a8        0     1                 __do_init_stack
     3b0      3b0        3     1         D:\F256\llvm-mos\f256dev\llvm-mos\bin/../mos-platform/f256/lib\libcrt0.a(zero-bss.c.obj):(.init.200)
     3b0      3b0        0     1                 __do_zero_bss
     3b3      3b3        3     1         D:\F256\llvm-mos\f256dev\llvm-mos\bin/../mos-platform/f256/lib\libcrt0.a(zero-zp-bss.c.obj):(.init.200)
     3b3      3b3        0     1                 __do_zero_zp_bss
     3b6      3b6        3     1         D:\F256\llvm-mos\f256dev\llvm-mos\bin/../mos-platform/f256/lib\libcrt0.a(copy-zp-data.c.obj):(.init.200)
     3b6      3b6        0     1                 __do_copy_zp_data
     3b9      3b9        3     1         D:\F256\llvm-mos\f256dev\llvm-mos\bin/../mos-platform/common/lib\crt0.o:(.call_main)
     3bc      3bc        3     1         D:\F256\llvm-mos\f256dev\llvm-mos\bin/../mos-platform/f256/lib\libcrt0.a(exit-custom.S.obj):(.after_main)
     3bc      3bc        0     1                 __after_main
     3bf      3bf        0     1         _fini = .
     3bf      3bf        1     1         D:\F256\llvm-mos\f256dev\llvm-mos\bin/../mos-platform/common/lib\crt0.o:(.fini_rts)
     3c0      3c0      14b     2         skull.lto.o:(.text._ZN12_GLOBAL__N_19FreeChunk6insertEPvj)
     3c0      3c0      14b     1                 (anonymous namespace)::FreeChunk::insert(void*, unsigned int)
     50b      50b       13     1         D:\F256\llvm-mos\f256dev\llvm-mos\bin/../mos-platform/f256/lib\libcrt0.a(zero-bss.c.obj):(.text.__zero_bss)
     50b      50b       13     1                 __zero_bss
     51e      51e       13     1         D:\F256\llvm-mos\f256dev\llvm-mos\bin/../mos-platform/f256/lib\libcrt0.a(zero-zp-bss.c.obj):(.text.__zero_zp_bss)
     51e      51e       13     1                 __zero_zp_bss
     531      531       17     1         D:\F256\llvm-mos\f256dev\llvm-mos\bin/../mos-platform/f256/lib\libcrt0.a(copy-zp-data.c.obj):(.text.__copy_zp_data)
     531      531       17     1                 __copy_zp_data
     548      548      145     1         skull.lto.o:(.text)
     548      548        0     1                 mathFloatAdd
     599      599        0     1                 mathFloatSub
     5ea      5ea        0     1                 mathFloatMul
     639      639        0     1                 mathFloatDiv
     68d      68d       14     1         skull.lto.o:(.text.midiShutUp)
     68d      68d       14     1                 midiShutUp
     6a1      6a1       23     1         skull.lto.o:(.text.resetInstruments)
     6a1      6a1       23     1                 resetInstruments
     6c4      6c4      3e6     1         skull.lto.o:(.text.f256Init)
     6c4      6c4      3e6     1                 f256Init
     aaa      aaa        6     1         skull.lto.o:(.text.main)
     aaa      aaa        6     1                 main
     ab0      ab0     1272     1         skull.lto.o:(.text.f256main)
     ab0      ab0     1272     1                 f256main
    1d22     1d22       ad     1         skull.lto.o:(.text.bitmapClear)
    1d22     1d22       ad     1                 bitmapClear
    1dcf     1dcf      20e     1         skull.lto.o:(.text.rotateX)
    1dcf     1dcf      20e     1                 rotateX
    1fdd     1fdd      d46     1         skull.lto.o:(.text.redraw)
    1fdd     1fdd      d46     1                 redraw
    2d23     2d23        5     1         skull.lto.o:(.text.exit)
    2d23     2d23        5     1                 exit
    2d28     2d28      2cc     1         skull.lto.o:(.text.malloc)
    2d28     2d28      2cc     1                 malloc
    2ff4     2ff4       2c     1         skull.lto.o:(.text.memcpy)
    2ff4     2ff4       2c     1                 memcpy
    3020     3020       20     1         skull.lto.o:(.text.__memset)
    3020     3020       20     1                 __memset
    3040     3040       32     1         skull.lto.o:(.text.__mulhi3)
    3040     3040       32     1                 __mulhi3
    3072     3072        0     1         __init_array_start = .
    3072     3072        0     1         __init_array_end = .
    3072     3072        0     1         __fini_array_start = .
    3072     3072        0     1         __fini_array_end = .
    3072     3072       42     1 .rodata
    3072     3072       12     1         skull.lto.o:(.rodata.f256main)
    3084     3084       30     1         skull.lto.o:(.rodata.textColors)
    3084     3084       30     1                 textColors
    30b4     30b4        0     1 .data
    30b4     30b4        0     1         __data_start = .
    30b4     30b4        0     1         __data_end = .
    30b4     30b4        0     1 __data_load_start = LOADADDR(.data)
    30b4     30b4        0     1 __data_size = SIZEOF(.data)
    30b4     30b4       15     1 .bss
    30b4     30b4        0     1         __bss_start = .
    30b4     30b4        1     1         skull.lto.o:(.bss.g_fp_last_status)
    30b4     30b4        1     1                 g_fp_last_status
    30b5     30b5        7     1         skull.lto.o:(.bss.kernelEventData)
    30b5     30b5        7     1                 kernelEventData
    30bc     30bc        1     1         skull.lto.o:(.bss.kernelError)
    30bc     30bc        1     1                 kernelError
    30bd     30bd        c     1         skull.lto.o:(.bss._BITMAP_BASE)
    30bd     30bd        c     1                 _BITMAP_BASE
    30c9     30c9        0     1         __bss_end = .
    30c9     30c9        0     1 __bss_size = SIZEOF(.bss)
    30c9     30c9        0     1 .noinit
    30c9     30c9        0     1         __heap_start = ALIGN(., 2)
    30c9     30c9        0     1 end_block8 = .
    30c9     30c9        0     1 end_block9 = .
    30c9     30c9        0     1 end_block10 = .
    30c9     30c9        0     1 end_block11 = .
    30c9     30c9        0     1 end_block12 = .
    30c9     30c9        0     1 end_block13 = .
    30c9     30c9        0     1 end_block14 = .
    30c9     30c9        0     1 end_block15 = .
    30c9     30c9        0     1 end_block16 = .
    30c9     30c9        0     1 end_block17 = .
    30c9     30c9        0     1 end_block18 = .
    30c9     30c9        0     1 end_block19 = .
    30c9     30c9        0     1 end_block20 = .
    30c9     30c9        0     1 end_block21 = .
    30c9     30c9        0     1 end_block22 = .
    30c9     30c9        0     1 end_block23 = .
   50000    50000     561a    16 .canyon
   50000    50000     561a    16         skull.lto.o:(.canyon)
   50000    50000        0     1                 canyon_start
   5561a    5561a        0     1                 canyon_end
   5561a    5561a        0     1 end_canyon = .
       0        0      138     1 .comment
       0        0      138     1         <internal>:(.comment)
       0        0      8e0     4 .symtab
       0        0      8e0     4         <internal>:(.symtab)
       0        0       62     1 .shstrtab
       0        0       62     1         <internal>:(.shstrtab)
       0        0      66a     1 .strtab
       0        0      66a     1         <internal>:(.strtab)
