     VMA      LMA     Size Align Out     In      Symbol
       0        0        0     1 PROVIDE(__stack = 0xA000)
       0        0        0     1 PROVIDE(__f256_start = 0x300)
       0        0        0     1 PROVIDE(__BLOCK_SIZE = 0x2000)
       0        0        0     1 PROVIDE(__SLOT_ADDR = 0xA000)
       0        0        0     1 __rc0 = 0x10
       0        0        0     1 __rc1 = __rc0 + 1
       0        0        0     1 PROVIDE(__rc2 = __rc1 + 1)
       0        0        0     1 __rc3 = __rc2 + 1
       0        0        0     1 PROVIDE(__rc4 = __rc3 + 1)
       0        0        0     1 __rc5 = __rc4 + 1
       0        0        0     1 PROVIDE(__rc6 = __rc5 + 1)
       0        0        0     1 __rc7 = __rc6 + 1
       0        0        0     1 PROVIDE(__rc8 = __rc7 + 1)
       0        0        0     1 __rc9 = __rc8 + 1
       0        0        0     1 PROVIDE(__rc10 = __rc9 + 1)
       0        0        0     1 __rc11 = __rc10 + 1
       0        0        0     1 PROVIDE(__rc12 = __rc11 + 1)
       0        0        0     1 __rc13 = __rc12 + 1
       0        0        0     1 PROVIDE(__rc14 = __rc13 + 1)
       0        0        0     1 __rc15 = __rc14 + 1
       0        0        0     1 PROVIDE(__rc16 = __rc15 + 1)
       0        0        0     1 __rc17 = __rc16 + 1
       0        0        0     1 PROVIDE(__rc18 = __rc17 + 1)
       0        0        0     1 __rc19 = __rc18 + 1
       0        0        0     1 PROVIDE(__rc20 = __rc19 + 1)
       0        0        0     1 __rc21 = __rc20 + 1
       0        0        0     1 PROVIDE(__rc22 = __rc21 + 1)
       0        0        0     1 __rc23 = __rc22 + 1
       0        0        0     1 PROVIDE(__rc24 = __rc23 + 1)
       0        0        0     1 __rc25 = __rc24 + 1
       0        0        0     1 PROVIDE(__rc26 = __rc25 + 1)
       0        0        0     1 __rc27 = __rc26 + 1
       0        0        0     1 PROVIDE(__rc28 = __rc27 + 1)
       0        0        0     1 __rc29 = __rc28 + 1
       0        0        0     1 PROVIDE(__rc30 = __rc29 + 1)
       0        0        0     1 __rc31 = __rc30 + 1
       0        0        0     1 
       0        0        0     1 
       0        0        0     1 __block8_lma = ( 8<<24)|__SLOT_ADDR
       0        0        0     1 __block9_lma = ( 9<<24)|__SLOT_ADDR
       0        0        0     1 __block10_lma = (10<<24)|__SLOT_ADDR
       0        0        0     1 __block11_lma = (11<<24)|__SLOT_ADDR
       0        0        0     1 __block12_lma = (12<<24)|__SLOT_ADDR
       0        0        0     1 __block13_lma = (13<<24)|__SLOT_ADDR
       0        0        0     1 __block14_lma = (14<<24)|__SLOT_ADDR
       0        0        0     1 __block15_lma = (15<<24)|__SLOT_ADDR
       0        0        0     1 __block16_lma = (16<<24)|__SLOT_ADDR
       0        0        0     1 __block17_lma = (17<<24)|__SLOT_ADDR
       0        0        0     1 __block18_lma = (18<<24)|__SLOT_ADDR
       0        0        0     1 __block19_lma = (19<<24)|__SLOT_ADDR
       0        0        0     1 __block20_lma = (20<<24)|__SLOT_ADDR
       0        0        0     1 __block21_lma = (21<<24)|__SLOT_ADDR
       0        0        0     1 __block22_lma = (22<<24)|__SLOT_ADDR
       0        0        0     1 __block23_lma = (23<<24)|__SLOT_ADDR
       0        0        0     1 __cozyLCD_lma = 0x30000
       0        0        0     1 __cozyLCD_size = 0x20d00
       0        0        0     1 __midiinst_lma = 0x25400
       0        0        0     1 __midiinst_size = 0xa80
       0        0        0     1 __midigfxbounce_lma = 0x24c00
       0        0        0     1 __midigfxbounce_size = 0x400
       0        0        0     1 __midigfxpal_lma = 0x25000
       0        0        0     1 __midigfxpal_size = 0x80
      30      300       11     1 .zp.data
      30      300        0     1         __zp_data_start = .
      30      300       11     1         midisam2.lto.o:(.zp.data)
      30      300        1     1                 _ccolor
      41      311        0     1 __zp_data_load_start = LOADADDR(.zp.data)
      41      311        0     1 __zp_data_size = SIZEOF(.zp.data)
      41       41       3f     1 .zp.bss
      41       41        0     1         __zp_bss_start = .
      41       41       3f     1         midisam2.lto.o:(.zp.bss)
      41       41        2     1                 midiSpr_x
      43       43        2     1                 midiSpr_y
      45       45        1     1                 midiSpr_vx
      46       46        1     1                 midiSpr_vy
      47       47        1     1                 _col
      48       48        1     1                 _row
      49       49        4     1                 _BITMAP_BASE.0
      4d       4d        1     1                 _color
      4e       4e        1     1                 _MAX_X
      4f       4f        2     1                 __putchar.s
      51       51        1     1                 isPaused
      52       52        1     1                 isLightShow
      53       53        1     1                 repeatFlag
      54       54        1     1                 shimmerTimer.1
      55       55        2     1                 myRecord.2
      57       57        1     1                 myRecord.14
      58       58        1     1                 midiChip
      59       59       10     1                 shimmerBuffer
      69       69        2     1                 theOne.0
      6b       6b        1     1                 theOne.4
      6c       6c        4     1                 theOne.5
      70       70        2     1                 theOne.6
      72       72        2     1                 theOne.7
      74       74        2     1                 theOne.8
      76       76        1     1                 kernelError
      77       77        7     1                 kernelEventData
      7e       7e        2     1                 (anonymous namespace)::free_size
      80       80        0     1 __zp_bss_size = SIZEOF(.zp.bss)
      80       80       70     1 .zp
      80       80       70     1         midisam2.lto.o:(.zp.noinit)
     312      312     80cd     2 .text
     312      312        0     1         _init = .
     312      312        0     1         _start = .
     312      312        8     1         D:\F256\llvm-mos\f256dev\llvm-mos\bin/../mos-platform/f256/lib\libcrt0.a(init-stack.S.obj):(.init.100)
     312      312        0     1                 __do_init_stack
     31a      31a        3     1         D:\F256\llvm-mos\f256dev\llvm-mos\bin/../mos-platform/f256/lib\libcrt0.a(zero-bss.c.obj):(.init.200)
     31a      31a        0     1                 __do_zero_bss
     31d      31d        3     1         D:\F256\llvm-mos\f256dev\llvm-mos\bin/../mos-platform/f256/lib\libcrt0.a(zero-zp-bss.c.obj):(.init.200)
     31d      31d        0     1                 __do_zero_zp_bss
     320      320        3     1         D:\F256\llvm-mos\f256dev\llvm-mos\bin/../mos-platform/f256/lib\libcrt0.a(copy-zp-data.c.obj):(.init.200)
     320      320        0     1                 __do_copy_zp_data
     323      323        3     1         D:\F256\llvm-mos\f256dev\llvm-mos\bin/../mos-platform/common/lib\crt0.o:(.call_main)
     326      326        3     1         D:\F256\llvm-mos\f256dev\llvm-mos\bin/../mos-platform/f256/lib\libcrt0.a(exit-custom.S.obj):(.after_main)
     326      326        0     1                 __after_main
     329      329        0     1         _fini = .
     329      329        1     1         D:\F256\llvm-mos\f256dev\llvm-mos\bin/../mos-platform/common/lib\crt0.o:(.fini_rts)
     32a      32a      14f     2         midisam2.lto.o:(.text._ZN12_GLOBAL__N_19FreeChunk6insertEPvj)
     32a      32a      14f     1                 (anonymous namespace)::FreeChunk::insert(void*, unsigned int)
     47a      47a       ec     2         midisam2.lto.o:(.text._ZN12_GLOBAL__N_19FreeChunk6removeEv)
     47a      47a       ec     1                 (anonymous namespace)::FreeChunk::remove()
     566      566       13     1         D:\F256\llvm-mos\f256dev\llvm-mos\bin/../mos-platform/f256/lib\libcrt0.a(zero-bss.c.obj):(.text.__zero_bss)
     566      566       13     1                 __zero_bss
     579      579       13     1         D:\F256\llvm-mos\f256dev\llvm-mos\bin/../mos-platform/f256/lib\libcrt0.a(zero-zp-bss.c.obj):(.text.__zero_zp_bss)
     579      579       13     1                 __zero_zp_bss
     58c      58c       17     1         D:\F256\llvm-mos\f256dev\llvm-mos\bin/../mos-platform/f256/lib\libcrt0.a(copy-zp-data.c.obj):(.text.__copy_zp_data)
     58c      58c       17     1                 __copy_zp_data
     5a3      5a3       21     1         midisam2.lto.o:(.text.FAR_PEEK)
     5a3      5a3       21     1                 FAR_PEEK
     5c4      5c4       2a     1         midisam2.lto.o:(.text.FAR_PEEKW)
     5c4      5c4       2a     1                 FAR_PEEKW
     5ee      5ee       23     1         midisam2.lto.o:(.text.FAR_POKE)
     5ee      5ee       23     1                 FAR_POKE
     611      611       1c     1         midisam2.lto.o:(.text.FAR_POKEW)
     611      611       1c     1                 FAR_POKEW
     62d      62d     219a     1         midisam2.lto.o:(.text.main)
     62d      62d     219a     1                 main
    27c7     27c7       39     1         midisam2.lto.o:(.text.zeroOutStuff)
    27c7     27c7       39     1                 zeroOutStuff
    2800     2800      120     1         midisam2.lto.o:(.text.fileOpenDir)
    2800     2800      120     1                 fileOpenDir
    2920     2920       4b     1         midisam2.lto.o:(.text.fileCloseDir)
    2920     2920       4b     1                 fileCloseDir
    296b     296b      11d     1         midisam2.lto.o:(.text.fetchNextPLEntry)
    296b     296b      11d     1                 fetchNextPLEntry
    2a88     2a88      130     1         midisam2.lto.o:(.text.fileOpen)
    2a88     2a88      130     1                 fileOpen
    2bb8     2bb8      1ce     1         midisam2.lto.o:(.text.textPrint)
    2bb8     2bb8      1ce     1                 textPrint
    2d86     2d86      17b     1         midisam2.lto.o:(.text.fileRead)
    2d86     2d86      17b     1                 fileRead
    2f01     2f01       11     1         midisam2.lto.o:(.text.textGotoXY)
    2f01     2f01       11     1                 textGotoXY
    2f12     2f12      437     1         midisam2.lto.o:(.text.bitmapLine)
    2f12     2f12      437     1                 bitmapLine
    3349     3349       f3     1         midisam2.lto.o:(.text.fileReadDir)
    3349     3349       f3     1                 fileReadDir
    343c     343c       48     1         midisam2.lto.o:(.text.fpr_set_currentPath)
    343c     343c       48     1                 fpr_set_currentPath
    3484     3484      508     1         midisam2.lto.o:(.text.readDirectory_far)
    3484     3484      508     1                 readDirectory_far
    398c     398c      5b7     1         midisam2.lto.o:(.text.sortFileList_far)
    398c     398c      5b7     1                 sortFileList_far
    3f43     3f43      44d     1         midisam2.lto.o:(.text.displayFileList_far)
    3f43     3f43      44d     1                 displayFileList_far
    4390     4390     1029     1         midisam2.lto.o:(.text.pickFile_far)
    4390     4390     1029     1                 pickFile_far
    53b9     53b9      116     1         midisam2.lto.o:(.text.reprepFPR_far)
    53b9     53b9      116     1                 reprepFPR_far
    54cf     54cf       99     1         midisam2.lto.o:(.text.wipeArea_far)
    54cf     54cf       99     1                 wipeArea_far
    5568     5568      4a7     1         midisam2.lto.o:(.text.displayImage)
    5568     5568      4a7     1                 displayImage
    5a0f     5a0f       c2     1         midisam2.lto.o:(.text.loadSMFile)
    5a0f     5a0f       c2     1                 loadSMFile
    5ad1     5ad1      280     1         midisam2.lto.o:(.text.detectStructure)
    5ad1     5ad1      280     1                 detectStructure
    5d51     5d51      88d     1         midisam2.lto.o:(.text.chainEvent)
    5d51     5d51      88d     1                 chainEvent
    65de     65de      238     1         midisam2.lto.o:(.text.performMIDICmd)
    65de     65de      238     1                 performMIDICmd
    6816     6816       f6     1         midisam2.lto.o:(.text.exhaustZeroes)
    6816     6816       f6     1                 exhaustZeroes
    690c     690c      413     1         midisam2.lto.o:(.text.initTrack)
    690c     690c      413     1                 initTrack
    6d1f     6d1f       60     1         midisam2.lto.o:(.text.lilpause)
    6d1f     6d1f       60     1                 lilpause
    6d7f     6d7f       f7     1         midisam2.lto.o:(.text.setColors)
    6d7f     6d7f       f7     1                 setColors
    6e76     6e76        5     1         midisam2.lto.o:(.text.exit)
    6e76     6e76        5     1                 exit
    6e7b     6e7b      b76     1         midisam2.lto.o:(.text._ZN12_GLOBAL__N_15printEPKcP6Status)
    6e7b     6e7b      b76     1                 (anonymous namespace)::print(char const*, Status*)
    79f1     79f1       df     1         midisam2.lto.o:(.text._ZN12_GLOBAL__N_13putEcP6Status)
    79f1     79f1       df     1                 (anonymous namespace)::put(char, Status*)
    7ad0     7ad0      10f     1         midisam2.lto.o:(.text._ZN12_GLOBAL__N_112print_stringEPKcP6Status)
    7ad0     7ad0      10f     1                 (anonymous namespace)::print_string(char const*, Status*)
    7bdf     7bdf       90     1         midisam2.lto.o:(.text.printf)
    7bdf     7bdf       90     1                 printf
    7c6f     7c6f       e2     1         midisam2.lto.o:(.text.sprintf)
    7c6f     7c6f       e2     1                 sprintf
    7d51     7d51      1e8     1         midisam2.lto.o:(.text.malloc)
    7d51     7d51      1e8     1                 malloc
    7f39     7f39      18d     1         midisam2.lto.o:(.text.free)
    7f39     7f39      18d     1                 free
    80c6     80c6       2c     1         midisam2.lto.o:(.text.memcpy)
    80c6     80c6       2c     1                 memcpy
    80f2     80f2       20     1         midisam2.lto.o:(.text.__memset)
    80f2     80f2       20     1                 __memset
    8112     8112       13     1         midisam2.lto.o:(.text.__ashlhi3)
    8112     8112       13     1                 __ashlhi3
    8125     8125       b9     1         midisam2.lto.o:(.text.__udivhi3)
    8125     8125       b9     1                 __udivhi3
    81de     81de      15f     1         midisam2.lto.o:(.text.__udivsi3)
    81de     81de      15f     1                 __udivsi3
    833d     833d       32     1         midisam2.lto.o:(.text.__mulhi3)
    833d     833d       32     1                 __mulhi3
    836f     836f       70     1         midisam2.lto.o:(.text.__mulsi3)
    836f     836f       70     1                 __mulsi3
    83df     83df        0     1         __init_array_start = .
    83df     83df        0     1         __init_array_end = .
    83df     83df        0     1         __fini_array_start = .
    83df     83df        0     1         __fini_array_end = .
    83df     83df      3ce     1 .rodata
    83df     83df        1     1         D:\F256\llvm-mos\f256dev\llvm-mos\bin/../mos-platform/common/lib\libcrt.a(const.S.obj):(.rodata)
    83df     83df        0     1                 __set_v
    83e0     83e0        8     1         midisam2.lto.o:(.rodata.main)
    83e8     83e8       16     1         midisam2.lto.o:(.rodata.fileReadDir)
    83fe     83fe       50     1         midisam2.lto.o:(.rodata.pickFile_far)
    844e     844e       3a     1         midisam2.lto.o:(.rodata._ZN12_GLOBAL__N_15printEPKcP6Status)
    8488     8488       30     1         midisam2.lto.o:(.rodata.textColors)
    8488     8488       30     1                 textColors
    84b8     84b8      29d     1         <internal>:(.rodata.str1.1)
    8755     8755       20     1         <internal>:(.rodata.cst32)
    8775     8775       38     1         midisam2.lto.o:(.rodata.rtmplugin)
    8775     8775       38     1                 rtmplugin
    87ad     87ad       4a     1 .data
    87ad     87ad        0     1         __data_start = .
    87ad     87ad       4a     1         midisam2.lto.o:(.data.nameVersion)
    87ad     87ad       4a     1                 nameVersion
    87f7     87f7        0     1         __data_end = .
    87f7     87f7        0     1 __data_load_start = LOADADDR(.data)
    87f7     87f7        0     1 __data_size = SIZEOF(.data)
    87f7     87f7      1d4     1 .bss
    87f7     87f7        0     1         __bss_start = .
    87f7     87f7        1     1         midisam2.lto.o:(.bss.freakoutCoundDown)
    87f7     87f7        1     1                 freakoutCoundDown
    87f8     87f8        1     1         midisam2.lto.o:(.bss.isFreakingOut)
    87f8     87f8        1     1                 isFreakingOut
    87f9     87f9       40     1         midisam2.lto.o:(.bss._spriteCtl)
    87f9     87f9       40     1                 _spriteCtl
    8839     8839        8     1         midisam2.lto.o:(.bss._dirStream)
    8839     8839        8     1                 _dirStream
    8841     8841      102     1         midisam2.lto.o:(.bss.fileReadDir.fileDirEntS)
    8841     8841      102     1                 fileReadDir.fileDirEntS
    8943     8943        1     1         midisam2.lto.o:(.bss.isTrulyDone)
    8943     8943        1     1                 isTrulyDone
    8944     8944        2     1         midisam2.lto.o:(.bss.myRecord.0)
    8944     8944        2     1                 myRecord.0
    8946     8946        2     1         midisam2.lto.o:(.bss.myRecord.1)
    8946     8946        2     1                 myRecord.1
    8948     8948        1     1         midisam2.lto.o:(.bss.fileOpenedErrorCode)
    8948     8948        1     1                 fileOpenedErrorCode
    8949     8949        2     1         midisam2.lto.o:(.bss.theOne.1)
    8949     8949        2     1                 theOne.1
    894b     894b        4     1         midisam2.lto.o:(.bss.theOne.2)
    894b     894b        4     1                 theOne.2
    894f     894f       78     1         midisam2.lto.o:(.bss.name)
    894f     894f       78     1                 name
    89c7     89c7        1     1         midisam2.lto.o:(.bss._ZN12_GLOBAL__N_111initializedE)
    89c7     89c7        1     1                 (anonymous namespace)::initialized
    89c8     89c8        1     1         midisam2.lto.o:(.bss._ZN12_GLOBAL__N_19last_freeE)
    89c8     89c8        1     1                 (anonymous namespace)::last_free
    89c9     89c9        2     1         midisam2.lto.o:(.bss._ZN12_GLOBAL__N_19free_listE)
    89c9     89c9        2     1                 (anonymous namespace)::free_list
    89cb     89cb        0     1         __bss_end = .
    89cb     89cb        0     1 __bss_size = SIZEOF(.bss)
    89cb     89cb        0     1 .noinit
    89cb     89cb        0     1         __heap_start = ALIGN(., 2)
 800a000  800a000      1fa     1 .block8
 800a000  800a000      1fa     1         midisam2.lto.o:(.block8)
 800a000  800a000      1fa     1                 FAR8_loadSMFile
 800a1fa  800a1fa        0     1 end_block8 = .
 800a1fa  800a1fa        0     1 end_block9 = .
 800a1fa  800a1fa        0     1 end_block10 = .
 800a1fa  800a1fa        0     1 end_block11 = .
 800a1fa  800a1fa        0     1 end_block12 = .
 800a1fa  800a1fa        0     1 end_block13 = .
 800a1fa  800a1fa        0     1 end_block14 = .
 800a1fa  800a1fa        0     1 end_block15 = .
 800a1fa  800a1fa        0     1 end_block16 = .
 800a1fa  800a1fa        0     1 end_block17 = .
 800a1fa  800a1fa        0     1 end_block18 = .
 800a1fa  800a1fa        0     1 end_block19 = .
 800a1fa  800a1fa        0     1 end_block20 = .
 800a1fa  800a1fa        0     1 end_block21 = .
 800a1fa  800a1fa        0     1 end_block22 = .
 800a1fa  800a1fa        0     1 end_block23 = .
   30000    30000    20d00    16 .cozyLCD
   30000    30000    20d00    16         midisam2.lto.o:(.cozyLCD)
   30000    30000        0     1                 cozyLCD_start
   50d00    50d00        0     1                 cozyLCD_end
   50d00    50d00        0     1 end_cozyLCD = .
   25400    25400      a80    16 .midiinst
   25400    25400      a80    16         midisam2.lto.o:(.midiinst)
   25400    25400        0     1                 midiinst_start
   25e80    25e80        0     1                 midiinst_end
   25e80    25e80        0     1 end_midiinst = .
   24c00    24c00      400    16 .midigfxbounce
   24c00    24c00      400    16         midisam2.lto.o:(.midigfxbounce)
   24c00    24c00        0     1                 midigfxbounce_start
   25000    25000        0     1                 midigfxbounce_end
   25000    25000        0     1 end_midigfxbounce = .
   25000    25000       80    16 .midigfxpal
   25000    25000       80    16         midisam2.lto.o:(.midigfxpal)
   25000    25000        0     1                 midigfxpal_start
   25080    25080        0     1                 midigfxpal_end
   25080    25080        0     1 end_midigfxpal = .
       0        0      138     1 .comment
       0        0      138     1         <internal>:(.comment)
       0        0      db0     4 .symtab
       0        0      db0     4         <internal>:(.symtab)
       0        0       90     1 .shstrtab
       0        0       90     1         <internal>:(.shstrtab)
       0        0      aac     1 .strtab
       0        0      aac     1         <internal>:(.strtab)
